>>> m = range(0,8)
>>> for i in range(0,8):
	m[i] = range(0,32)

	
>>> m
[[0, 1, 2, 3, 4, 5, 6, 7, 8, 9, 10, 11, 12, 13, 14, 15, 16, 17, 18, 19, 20, 21, 22, 23, 24, 25, 26, 27, 28, 29, 30, 31], [0, 1, 2, 3, 4, 5, 6, 7, 8, 9, 10, 11, 12, 13, 14, 15, 16, 17, 18, 19, 20, 21, 22, 23, 24, 25, 26, 27, 28, 29, 30, 31], [0, 1, 2, 3, 4, 5, 6, 7, 8, 9, 10, 11, 12, 13, 14, 15, 16, 17, 18, 19, 20, 21, 22, 23, 24, 25, 26, 27, 28, 29, 30, 31], [0, 1, 2, 3, 4, 5, 6, 7, 8, 9, 10, 11, 12, 13, 14, 15, 16, 17, 18, 19, 20, 21, 22, 23, 24, 25, 26, 27, 28, 29, 30, 31], [0, 1, 2, 3, 4, 5, 6, 7, 8, 9, 10, 11, 12, 13, 14, 15, 16, 17, 18, 19, 20, 21, 22, 23, 24, 25, 26, 27, 28, 29, 30, 31], [0, 1, 2, 3, 4, 5, 6, 7, 8, 9, 10, 11, 12, 13, 14, 15, 16, 17, 18, 19, 20, 21, 22, 23, 24, 25, 26, 27, 28, 29, 30, 31], [0, 1, 2, 3, 4, 5, 6, 7, 8, 9, 10, 11, 12, 13, 14, 15, 16, 17, 18, 19, 20, 21, 22, 23, 24, 25, 26, 27, 28, 29, 30, 31], [0, 1, 2, 3, 4, 5, 6, 7, 8, 9, 10, 11, 12, 13, 14, 15, 16, 17, 18, 19, 20, 21, 22, 23, 24, 25, 26, 27, 28, 29, 30, 31]]
>>> h =0
>>> for i in range(0,8):
	print "i:"+str(i)
	for j in range(0, 32):
		print "j:" + str(j)
		m[i][j] = hex(x[h]).split("x")[1]
		print "h:" + str(h)
		h = h + 1

		
i:0
j:0
h:0
j:1
h:1
j:2
h:2
j:3
h:3
j:4
h:4
j:5
h:5
j:6
h:6
j:7
h:7
j:8
h:8
j:9
h:9
j:10
h:10
j:11
h:11
j:12
h:12
j:13
h:13
j:14
h:14
j:15
h:15
j:16
h:16
j:17
h:17
j:18
h:18
j:19
h:19
j:20
h:20
j:21
h:21
j:22
h:22
j:23
h:23
j:24
h:24
j:25
h:25
j:26
h:26
j:27
h:27
j:28
h:28
j:29
h:29
j:30
h:30
j:31
h:31
i:1
j:0
h:32
j:1
h:33
j:2
h:34
j:3
h:35
j:4
h:36
j:5
h:37
j:6
h:38
j:7
h:39
j:8
h:40
j:9
h:41
j:10
h:42
j:11
h:43
j:12
h:44
j:13
h:45
j:14
h:46
j:15
h:47
j:16
h:48
j:17
h:49
j:18
h:50
j:19
h:51
j:20
h:52
j:21
h:53
j:22
h:54
j:23
h:55
j:24
h:56
j:25
h:57
j:26
h:58
j:27
h:59
j:28
h:60
j:29
h:61
j:30
h:62
j:31
h:63
i:2
j:0
h:64
j:1
h:65
j:2
h:66
j:3
h:67
j:4
h:68
j:5
h:69
j:6
h:70
j:7
h:71
j:8
h:72
j:9
h:73
j:10
h:74
j:11
h:75
j:12
h:76
j:13
h:77
j:14
h:78
j:15
h:79
j:16
h:80
j:17
h:81
j:18
h:82
j:19
h:83
j:20
h:84
j:21
h:85
j:22
h:86
j:23
h:87
j:24
h:88
j:25
h:89
j:26
h:90
j:27
h:91
j:28
h:92
j:29
h:93
j:30
h:94
j:31
h:95
i:3
j:0
h:96
j:1
h:97
j:2
h:98
j:3
h:99
j:4
h:100
j:5
h:101
j:6
h:102
j:7
h:103
j:8
h:104
j:9
h:105
j:10
h:106
j:11
h:107
j:12
h:108
j:13
h:109
j:14
h:110
j:15
h:111
j:16
h:112
j:17
h:113
j:18
h:114
j:19
h:115
j:20
h:116
j:21
h:117
j:22
h:118
j:23
h:119
j:24
h:120
j:25
h:121
j:26
h:122
j:27
h:123
j:28
h:124
j:29
h:125
j:30
h:126
j:31
h:127
i:4
j:0
h:128
j:1
h:129
j:2
h:130
j:3
h:131
j:4
h:132
j:5
h:133
j:6
h:134
j:7
h:135
j:8
h:136
j:9
h:137
j:10
h:138
j:11
h:139
j:12
h:140
j:13
h:141
j:14
h:142
j:15
h:143
j:16
h:144
j:17
h:145
j:18
h:146
j:19
h:147
j:20
h:148
j:21
h:149
j:22
h:150
j:23
h:151
j:24
h:152
j:25
h:153
j:26
h:154
j:27
h:155
j:28
h:156
j:29
h:157
j:30
h:158
j:31
h:159
i:5
j:0
h:160
j:1
h:161
j:2
h:162
j:3
h:163
j:4
h:164
j:5
h:165
j:6
h:166
j:7
h:167
j:8
h:168
j:9
h:169
j:10
h:170
j:11
h:171
j:12
h:172
j:13
h:173
j:14
h:174
j:15
h:175
j:16
h:176
j:17
h:177
j:18
h:178
j:19
h:179
j:20
h:180
j:21
h:181
j:22
h:182
j:23
h:183
j:24
h:184
j:25
h:185
j:26
h:186
j:27
h:187
j:28
h:188
j:29
h:189
j:30
h:190
j:31
h:191
i:6
j:0
h:192
j:1
h:193
j:2
h:194
j:3
h:195
j:4
h:196
j:5
h:197
j:6
h:198
j:7
h:199
j:8
h:200
j:9
h:201
j:10
h:202
j:11
h:203
j:12
h:204
j:13
h:205
j:14
h:206
j:15
h:207
j:16
h:208
j:17
h:209
j:18
h:210
j:19
h:211
j:20
h:212
j:21
h:213
j:22
h:214
j:23
h:215
j:24
h:216
j:25
h:217
j:26
h:218
j:27
h:219
j:28
h:220
j:29
h:221
j:30
h:222
j:31
h:223
i:7
j:0
h:224
j:1
h:225
j:2
h:226
j:3
h:227
j:4
h:228
j:5
h:229
j:6
h:230
j:7
h:231
j:8
h:232
j:9
h:233
j:10
h:234
j:11
h:235
j:12
h:236
j:13
h:237
j:14
h:238
j:15
h:239
j:16
h:240
j:17
h:241
j:18
h:242
j:19
h:243
j:20
h:244
j:21
h:245
j:22
h:246
j:23
h:247
j:24
h:248
j:25
h:249
j:26
h:250
j:27
h:251
j:28
h:252
j:29
h:253
j:30
h:254
j:31
h:255
>>> m
[['0', '20', '32', '40', '4a', '52', '59', '5f', '65', '6a', '6e', '72', '76', '79', '7d', '80', '82', '85', '87', '8a', '8c', '8e', '90', '92', '94', '96', '98', '99', '9b', '9d', '9e', 'a0'], ['a1', 'a2', 'a4', 'a5', 'a6', 'a7', 'a9', 'aa', 'ab', 'ac', 'ad', 'ae', 'af', 'b0', 'b1', 'b2', 'b3', 'b4', 'b5', 'b6', 'b7', 'b8', 'b9', 'b9', 'ba', 'bb', 'bc', 'bd', 'bd', 'be', 'bf', 'bf'], ['c0', 'c1', 'c2', 'c2', 'c3', 'c4', 'c4', 'c5', 'c6', 'c6', 'c7', 'c7', 'c8', 'c9', 'c9', 'ca', 'ca', 'cb', 'cc', 'cc', 'cd', 'cd', 'ce', 'ce', 'cf', 'cf', 'd0', 'd0', 'd1', 'd1', 'd2', 'd2'], ['d3', 'd3', 'd4', 'd4', 'd5', 'd5', 'd5', 'd6', 'd6', 'd7', 'd7', 'd8', 'd8', 'd9', 'd9', 'd9', 'da', 'da', 'db', 'db', 'db', 'dc', 'dc', 'dd', 'dd', 'dd', 'de', 'de', 'de', 'df', 'df', 'df'], ['e0', 'e0', 'e1', 'e1', 'e1', 'e2', 'e2', 'e2', 'e3', 'e3', 'e3', 'e4', 'e4', 'e4', 'e5', 'e5', 'e5', 'e6', 'e6', 'e6', 'e7', 'e7', 'e7', 'e7', 'e8', 'e8', 'e8', 'e9', 'e9', 'e9', 'ea', 'ea'], ['ea', 'ea', 'eb', 'eb', 'eb', 'ec', 'ec', 'ec', 'ec', 'ed', 'ed', 'ed', 'ed', 'ee', 'ee', 'ee', 'ee', 'ef', 'ef', 'ef', 'ef', 'f0', 'f0', 'f0', 'f1', 'f1', 'f1', 'f1', 'f1', 'f2', 'f2', 'f2'], ['f2', 'f3', 'f3', 'f3', 'f3', 'f4', 'f4', 'f4', 'f4', 'f5', 'f5', 'f5', 'f5', 'f5', 'f6', 'f6', 'f6', 'f6', 'f7', 'f7', 'f7', 'f7', 'f7', 'f8', 'f8', 'f8', 'f8', 'f9', 'f9', 'f9', 'f9', 'f9'], ['fa', 'fa', 'fa', 'fa', 'fa', 'fb', 'fb', 'fb', 'fb', 'fb', 'fc', 'fc', 'fc', 'fc', 'fc', 'fd', 'fd', 'fd', 'fd', 'fd', 'fd', 'fe', 'fe', 'fe', 'fe', 'fe', 'ff', 'ff', 'ff', 'ff', 'ff', 'ff']]
>>> q = m
>>> join(q)

Traceback (most recent call last):
  File "<pyshell#83>", line 1, in <module>
    join(q)
NameError: name 'join' is not defined
>>> ''.join(q)

Traceback (most recent call last):
  File "<pyshell#84>", line 1, in <module>
    ''.join(q)
TypeError: sequence item 0: expected string, list found
>>> for i in range(0,8):
	m[i] = ''.join(m[i])

	
>>> m
['02032404a52595f656a6e7276797d808285878a8c8e9092949698999b9d9ea0', 'a1a2a4a5a6a7a9aaabacadaeafb0b1b2b3b4b5b6b7b8b9b9babbbcbdbdbebfbf', 'c0c1c2c2c3c4c4c5c6c6c7c7c8c9c9cacacbcccccdcdcececfcfd0d0d1d1d2d2', 'd3d3d4d4d5d5d5d6d6d7d7d8d8d9d9d9dadadbdbdbdcdcdddddddedededfdfdf', 'e0e0e1e1e1e2e2e2e3e3e3e4e4e4e5e5e5e6e6e6e7e7e7e7e8e8e8e9e9e9eaea', 'eaeaebebebececececededededeeeeeeeeefefefeff0f0f0f1f1f1f1f1f2f2f2', 'f2f3f3f3f3f4f4f4f4f5f5f5f5f5f6f6f6f6f7f7f7f7f7f8f8f8f8f9f9f9f9f9', 'fafafafafafbfbfbfbfbfcfcfcfcfcfdfdfdfdfdfdfefefefefeffffffffffff']
>>> for i in range(0,8):
	print len(m[i])

	
63
64
64
64
64
64
64
64
>>> m[0] = '0' + m[0]
>>> m
['002032404a52595f656a6e7276797d808285878a8c8e9092949698999b9d9ea0', 'a1a2a4a5a6a7a9aaabacadaeafb0b1b2b3b4b5b6b7b8b9b9babbbcbdbdbebfbf', 'c0c1c2c2c3c4c4c5c6c6c7c7c8c9c9cacacbcccccdcdcececfcfd0d0d1d1d2d2', 'd3d3d4d4d5d5d5d6d6d7d7d8d8d9d9d9dadadbdbdbdcdcdddddddedededfdfdf', 'e0e0e1e1e1e2e2e2e3e3e3e4e4e4e5e5e5e6e6e6e7e7e7e7e8e8e8e9e9e9eaea', 'eaeaebebebececececededededeeeeeeeeefefefeff0f0f0f1f1f1f1f1f2f2f2', 'f2f3f3f3f3f4f4f4f4f5f5f5f5f5f6f6f6f6f7f7f7f7f7f8f8f8f8f9f9f9f9f9', 'fafafafafafbfbfbfbfbfcfcfcfcfcfdfdfdfdfdfdfefefefefeffffffffffff']
>>> for i in range(0,8):
	m[i] = reverse(m[i])

	

Traceback (most recent call last):
  File "<pyshell#96>", line 2, in <module>
    m[i] = reverse(m[i])
NameError: name 'reverse' is not defined
>>> reverse('fsdf')

Traceback (most recent call last):
  File "<pyshell#97>", line 1, in <module>
    reverse('fsdf')
NameError: name 'reverse' is not defined
>>> 'strsr'.reverse()

Traceback (most recent call last):
  File "<pyshell#98>", line 1, in <module>
    'strsr'.reverse()
AttributeError: 'str' object has no attribute 'reverse'
>>> 